// Jest Snapshot v1, https://goo.gl/fbAQLP

exports[`Home Page should render the  page correctly  1`] = `
Object {
  "asFragment": [Function],
  "baseElement": <body>
    <div>
      <section
        class="w-full md:w-4/5 pt-20 md:py-20 overflow-y-auto h-screen"
      >
        <div
          class="w-[98%] text-center mb-10"
        >
          <h1
            class="font-bold text-2xl md:text-5xl md:mb-5"
          >
            FEATURED MODELS
          </h1>
          <p
            class="font-bold text-sm text-gray-500"
          >
            CHOOSE YOUR PREMIUM CAR.
          </p>
        </div>
        <section
          class="py-10 md:hidden"
        />
        <section
          class="py-10 hidden md:block"
        />
      </section>
      ,
    </div>
  </body>,
  "container": <div>
    <section
      class="w-full md:w-4/5 pt-20 md:py-20 overflow-y-auto h-screen"
    >
      <div
        class="w-[98%] text-center mb-10"
      >
        <h1
          class="font-bold text-2xl md:text-5xl md:mb-5"
        >
          FEATURED MODELS
        </h1>
        <p
          class="font-bold text-sm text-gray-500"
        >
          CHOOSE YOUR PREMIUM CAR.
        </p>
      </div>
      <section
        class="py-10 md:hidden"
      />
      <section
        class="py-10 hidden md:block"
      />
    </section>
    ,
  </div>,
  "debug": [Function],
  "findAllByAltText": [Function],
  "findAllByDisplayValue": [Function],
  "findAllByLabelText": [Function],
  "findAllByPlaceholderText": [Function],
  "findAllByRole": [Function],
  "findAllByTestId": [Function],
  "findAllByText": [Function],
  "findAllByTitle": [Function],
  "findByAltText": [Function],
  "findByDisplayValue": [Function],
  "findByLabelText": [Function],
  "findByPlaceholderText": [Function],
  "findByRole": [Function],
  "findByTestId": [Function],
  "findByText": [Function],
  "findByTitle": [Function],
  "getAllByAltText": [Function],
  "getAllByDisplayValue": [Function],
  "getAllByLabelText": [Function],
  "getAllByPlaceholderText": [Function],
  "getAllByRole": [Function],
  "getAllByTestId": [Function],
  "getAllByText": [Function],
  "getAllByTitle": [Function],
  "getByAltText": [Function],
  "getByDisplayValue": [Function],
  "getByLabelText": [Function],
  "getByPlaceholderText": [Function],
  "getByRole": [Function],
  "getByTestId": [Function],
  "getByText": [Function],
  "getByTitle": [Function],
  "queryAllByAltText": [Function],
  "queryAllByDisplayValue": [Function],
  "queryAllByLabelText": [Function],
  "queryAllByPlaceholderText": [Function],
  "queryAllByRole": [Function],
  "queryAllByTestId": [Function],
  "queryAllByText": [Function],
  "queryAllByTitle": [Function],
  "queryByAltText": [Function],
  "queryByDisplayValue": [Function],
  "queryByLabelText": [Function],
  "queryByPlaceholderText": [Function],
  "queryByRole": [Function],
  "queryByTestId": [Function],
  "queryByText": [Function],
  "queryByTitle": [Function],
  "rerender": [Function],
  "unmount": [Function],
}
`;
